✅ Resto Control MVP started on port 8090
Local API: http://localhost:8090
Trial days: 14
Super admin: admin
GET / 304 - - 3.734 ms
GET /assets/index-BHdjI0YL.js 304 - - 4.314 ms
GET /assets/index-BBvlxujP.css 304 - - 2.700 ms
GET /manifest.webmanifest 304 - - 1.034 ms
GET /api/me 304 - - 6.786 ms
GET /resto-control-logo.png 304 - - 10.662 ms
GET /api/admin/overview 304 - - 1.923 ms
GET /icon.svg 304 - - 3.935 ms
GET /favicon.ico 304 - - 8.941 ms
GET /api/tasks 304 - - 9.067 ms
GET /api/admin/users 304 - - 1.414 ms
GET /api/tech-requests 200 2 - 1.820 ms
GET /api/inventory/templates 304 - - 2.708 ms
GET /api/products 304 - - 1.393 ms
GET /api/admin/inventory/runs 304 - - 2.191 ms
GET /api/products 304 - - 1.422 ms
GET /api/requests 304 - - 2.427 ms
GET /api/checklists/templates 304 - - 2.367 ms
GET /api/admin/checklists/runs 304 - - 1.507 ms
GET /api/admin/users 304 - - 1.568 ms
GET /api/admin/overview 304 - - 1.481 ms
POST /api/auth/login 401 59 - 0.506 ms
POST /api/auth/login 200 901 - 2.035 ms
GET /api/admin/overview 200 459 - 1.669 ms
GET /api/admin/overview 304 - - 2.337 ms
GET /api/me 200 617 - 1.708 ms
GET /api/me 304 - - 1.872 ms
GET /api/admin/overview 304 - - 1.619 ms
GET /api/admin/overview 304 - - 1.183 ms
POST /api/auth/login 401 59 - 2.274 ms
POST /api/auth/login 200 901 - 1.597 ms
GET /api/admin/overview 304 - - 1.723 ms
GET /api/admin/overview 304 - - 2.879 ms
GET /api/admin/users 200 213 - 2.720 ms
GET /api/admin/users 304 - - 1.711 ms
POST /api/admin/users 201 209 - 2.928 ms
GET /api/admin/users 200 423 - 1.201 ms
POST /api/auth/login 200 901 - 1.135 ms
GET /api/me 200 615 - 1.240 ms
GET /api/me 304 - - 1.976 ms
GET /api/me 304 - - 1.095 ms
GET /api/me 304 - - 1.342 ms
GET /api/me 304 - - 1.182 ms
GET /api/me 304 - - 1.225 ms
GET /api/me 304 - - 1.140 ms
GET /api/me 304 - - 1.222 ms
GET /api/me 304 - - 1.654 ms
GET /api/me 304 - - 1.121 ms
GET /api/me 304 - - 1.222 ms
GET /api/me 304 - - 1.112 ms
GET /api/me 304 - - 1.232 ms
GET /api/me 304 - - 1.113 ms
GET /api/me 304 - - 1.254 ms
GET /api/me 304 - - 1.860 ms
POST /api/auth/login 200 901 - 1.288 ms
GET /api/checklists/templates 200 2915 - 1.517 ms
GET /api/checklists/templates 304 - - 1.115 ms
GET /api/tasks 200 2 - 1.182 ms
GET /api/tech-requests 200 2 - 1.212 ms
GET /api/tasks 304 - - 1.574 ms
GET /api/tech-requests 304 - - 1.287 ms
GET /api/inventory/templates 200 1407 - 1.733 ms
GET /api/inventory/templates 304 - - 1.473 ms
GET /api/knowledge 200 1431 - 1.643 ms
GET /api/knowledge 304 - - 1.103 ms
GET /api/products 200 660 - 1.226 ms
GET /api/products 304 - - 1.224 ms
GET /api/requests 200 2 - 1.396 ms
GET /api/requests 304 - - 1.338 ms
GET / 304 - - 0.664 ms
GET /assets/index-BHdjI0YL.js 304 - - 1.263 ms
GET /assets/index-BBvlxujP.css 304 - - 2.645 ms
GET /manifest.webmanifest 304 - - 0.985 ms
GET /api/me 304 - - 1.627 ms
GET /resto-control-logo.png 304 - - 2.793 ms
GET /api/admin/overview 200 459 - 1.200 ms
GET /favicon.ico 304 - - 9.889 ms
GET /icon.svg 304 - - 0.513 ms
GET / 304 - - 0.839 ms
GET /assets/index-BHdjI0YL.js 304 - - 2.382 ms
GET /assets/index-BBvlxujP.css 304 - - 2.509 ms
GET /manifest.webmanifest 304 - - 1.750 ms
GET /resto-control-logo.png 304 - - 1.962 ms
GET /api/me 304 - - 3.724 ms
GET /api/admin/overview 304 - - 1.228 ms
GET /favicon.ico 304 - - 1.406 ms
GET /icon.svg 304 - - 0.652 ms
GET / 304 - - 0.510 ms
GET /assets/index-BHdjI0YL.js 304 - - 1.214 ms
GET /assets/index-BBvlxujP.css 304 - - 1.635 ms
GET /manifest.webmanifest 304 - - 3.402 ms
GET /api/me 304 - - 1.208 ms
GET /resto-control-logo.png 304 - - 2.765 ms
GET /api/admin/overview 304 - - 1.281 ms
GET /favicon.ico 304 - - 0.765 ms
GET /icon.svg 304 - - 0.486 ms
GET / 304 - - 0.495 ms
GET /assets/index-BHdjI0YL.js 304 - - 0.524 ms
GET /assets/index-BBvlxujP.css 304 - - 0.831 ms
GET /manifest.webmanifest 304 - - 0.520 ms
GET /resto-control-logo.png 304 - - 0.874 ms
GET /api/me 304 - - 2.380 ms
GET /api/admin/overview 304 - - 1.188 ms
GET /favicon.ico 304 - - 2.603 ms
GET /icon.svg 304 - - 0.808 ms
GET / 304 - - 0.428 ms
GET /assets/index-BHdjI0YL.js 304 - - 1.117 ms
GET /assets/index-BBvlxujP.css 304 - - 2.286 ms
GET /manifest.webmanifest 304 - - 1.664 ms
GET /resto-control-logo.png 304 - - 0.488 ms
GET /api/me 304 - - 1.425 ms
GET /api/admin/overview 304 - - 1.293 ms
GET /icon.svg 304 - - 0.544 ms
GET /favicon.ico 304 - - 2.406 ms
GET / 304 - - 0.665 ms
GET /assets/index-BBvlxujP.css 304 - - 1.472 ms
GET /assets/index-BHdjI0YL.js 304 - - 1.997 ms
GET /manifest.webmanifest 304 - - 2.612 ms
GET /resto-control-logo.png 304 - - 0.496 ms
GET /api/me 304 - - 1.206 ms
GET /api/admin/overview 304 - - 1.351 ms
GET /icon.svg 304 - - 0.541 ms
GET /favicon.ico 304 - - 2.188 ms
GET / 304 - - 0.456 ms
GET /assets/index-BHdjI0YL.js 304 - - 1.337 ms
GET /assets/index-BBvlxujP.css 304 - - 2.964 ms
GET /manifest.webmanifest 304 - - 2.288 ms
GET /resto-control-logo.png 304 - - 1.012 ms
GET /api/me 304 - - 1.310 ms
GET /api/admin/overview 304 - - 2.208 ms
GET /favicon.ico 304 - - 8.031 ms
GET /icon.svg 304 - - 0.545 ms
GET / 304 - - 0.415 ms
GET /assets/index-BHdjI0YL.js 304 - - 0.646 ms
GET /assets/index-BBvlxujP.css 304 - - 0.789 ms
GET /manifest.webmanifest 304 - - 1.529 ms
GET /api/me 304 - - 1.096 ms
GET /resto-control-logo.png 304 - - 2.710 ms
GET /api/admin/overview 304 - - 1.214 ms
GET /favicon.ico 304 - - 2.173 ms
GET /icon.svg 304 - - 0.540 ms
GET / 304 - - 0.422 ms
GET /assets/index-BBvlxujP.css 304 - - 2.322 ms
GET /assets/index-BHdjI0YL.js 304 - - 2.749 ms
GET /manifest.webmanifest 304 - - 3.100 ms
GET /resto-control-logo.png 304 - - 0.712 ms
GET /api/me 304 - - 1.275 ms
GET /favicon.ico 304 - - 3.611 ms
GET /api/admin/overview 304 - - 2.564 ms
GET /icon.svg 304 - - 0.838 ms
GET / 304 - - 0.432 ms
GET /assets/index-BBvlxujP.css 304 - - 0.776 ms
GET /assets/index-BHdjI0YL.js 304 - - 1.325 ms
GET /manifest.webmanifest 304 - - 0.493 ms
GET /resto-control-logo.png 304 - - 0.487 ms
GET /api/me 304 - - 2.604 ms
GET /favicon.ico 304 - - 0.730 ms
GET /api/admin/overview 304 - - 1.479 ms
GET /icon.svg 304 - - 0.879 ms
GET /api/admin/users 200 423 - 1.520 ms
GET /api/admin/overview 304 - - 1.004 ms
POST /api/auth/login 200 901 - 0.987 ms
GET /api/admin/overview 200 459 - 1.038 ms
GET /api/admin/overview 304 - - 1.371 ms
GET /api/me 200 617 - 1.589 ms
GET /api/me 304 - - 1.222 ms
GET /api/admin/overview 304 - - 1.266 ms
GET /api/admin/overview 304 - - 1.312 ms
GET /api/me 304 - - 1.654 ms
GET /api/me 304 - - 1.257 ms
GET /api/admin/overview 304 - - 1.276 ms
GET /api/admin/overview 304 - - 1.447 ms
GET /api/checklists/templates 200 8443 - 1.594 ms
GET /api/checklists/templates 304 - - 2.240 ms
GET /api/admin/checklists/runs 200 2 - 1.271 ms
GET /api/admin/checklists/runs 304 - - 1.480 ms
GET /api/products 200 3425 - 0.982 ms
GET /api/products 304 - - 1.582 ms
GET /api/requests 304 - - 1.373 ms
GET /api/requests 304 - - 1.092 ms
GET /api/admin/inventory/runs 200 2 - 1.568 ms
GET /api/inventory/templates 200 6930 - 2.181 ms
GET /api/products 304 - - 1.305 ms
GET /api/admin/inventory/runs 304 - - 1.638 ms
GET /api/inventory/templates 304 - - 1.389 ms
GET /api/products 304 - - 1.795 ms
GET /api/products 304 - - 1.157 ms
GET /api/products 304 - - 1.170 ms
GET /api/requests 304 - - 1.548 ms
GET /api/requests 304 - - 0.989 ms
GET /api/checklists/templates 304 - - 1.453 ms
GET /api/checklists/templates 304 - - 3.399 ms
GET /api/admin/checklists/runs 304 - - 1.119 ms
GET /api/admin/checklists/runs 304 - - 1.555 ms
GET /api/products 304 - - 1.125 ms
GET /api/products 304 - - 1.115 ms
GET /api/requests 304 - - 1.568 ms
GET /api/requests 304 - - 0.950 ms
GET /api/me 304 - - 1.476 ms
GET /api/me 304 - - 1.459 ms
GET /api/admin/overview 304 - - 1.335 ms
GET /api/admin/overview 304 - - 1.497 ms
GET /api/me 304 - - 4.941 ms
GET /api/me 304 - - 1.167 ms
GET /api/admin/overview 304 - - 2.130 ms
GET /api/admin/overview 304 - - 1.237 ms
POST /api/auth/login 200 901 - 1.505 ms
GET /api/admin/overview 403 95 - 1.681 ms
GET /api/me 200 615 - 1.353 ms
GET /api/tasks 200 2 - 1.251 ms
GET /api/tasks 304 - - 1.369 ms
GET /api/checklists/templates 200 2915 - 1.509 ms
GET /api/tasks 304 - - 1.147 ms
GET /api/requests 304 - - 1.263 ms
GET /api/inventory/templates 200 1407 - 1.555 ms
GET /api/me 304 - - 1.250 ms
GET /api/checklists/templates 304 - - 1.554 ms
GET /api/tasks 304 - - 1.218 ms
GET /api/requests 304 - - 1.525 ms
GET /api/inventory/templates 304 - - 1.234 ms
GET /api/tasks 304 - - 1.187 ms
GET /api/checklists/templates 304 - - 2.617 ms
GET /api/tasks 304 - - 1.244 ms
GET /api/requests 304 - - 1.364 ms
GET /api/inventory/templates 304 - - 1.487 ms
GET /api/me 304 - - 1.803 ms
GET /api/tasks 304 - - 1.633 ms
GET /api/me 304 - - 1.381 ms
GET /api/me 304 - - 1.246 ms
GET /api/checklists/templates 304 - - 1.550 ms
GET /api/tasks 304 - - 1.467 ms
GET /api/requests 304 - - 1.243 ms
GET /api/inventory/templates 304 - - 1.493 ms
GET /api/checklists/templates 304 - - 1.454 ms
GET /api/tasks 304 - - 1.366 ms
GET /api/requests 304 - - 1.323 ms
GET /api/inventory/templates 304 - - 1.478 ms
GET /api/tasks 304 - - 1.304 ms
GET /api/tasks 304 - - 2.096 ms
POST /api/auth/login 200 901 - 1.583 ms
GET /api/checklists/templates 304 - - 1.348 ms
GET /api/tasks 304 - - 1.360 ms
GET /api/requests 304 - - 1.564 ms
GET /api/inventory/templates 304 - - 1.355 ms
GET /api/checklists/templates 304 - - 1.247 ms
GET /api/tasks 304 - - 1.185 ms
GET /api/requests 304 - - 1.393 ms
GET /api/inventory/templates 304 - - 1.414 ms
GET /api/tasks 304 - - 1.264 ms
GET /api/tasks 304 - - 1.118 ms
GET /api/checklists/templates 304 - - 1.216 ms
GET /api/me 304 - - 1.260 ms
GET /api/tasks 304 - - 1.162 ms
GET /api/requests 304 - - 1.457 ms
GET /api/inventory/templates 304 - - 1.238 ms
GET /api/tasks 304 - - 1.174 ms
GET /api/me 304 - - 1.388 ms
GET /api/me 304 - - 1.198 ms
GET /api/checklists/templates 304 - - 1.258 ms
GET /api/requests 304 - - 1.246 ms
GET /api/tasks 304 - - 2.864 ms
GET /api/inventory/templates 304 - - 1.195 ms
GET /api/checklists/templates 304 - - 1.883 ms
GET /api/requests 304 - - 1.183 ms
GET /api/tasks 304 - - 1.171 ms
GET /api/inventory/templates 304 - - 1.975 ms
GET /api/tasks 304 - - 1.157 ms
GET /api/tasks 304 - - 2.028 ms
GET /api/checklists/templates 304 - - 2.617 ms
GET /api/tasks 304 - - 1.694 ms
GET /api/checklists/templates 304 - - 1.254 ms
GET /api/tech-requests 200 2 - 1.375 ms
GET /api/tasks 304 - - 2.530 ms
GET /api/tech-requests 304 - - 1.269 ms
GET /api/tasks 304 - - 1.184 ms
GET /api/tasks 304 - - 1.470 ms
GET /api/tasks 304 - - 1.178 ms
GET /api/tech-requests 304 - - 1.228 ms
GET /api/me 304 - - 1.181 ms
GET /api/tasks 304 - - 1.180 ms
GET /api/tasks 304 - - 2.645 ms
GET /api/tech-requests 304 - - 1.179 ms
GET /api/me 304 - - 2.132 ms
GET /api/tasks 304 - - 1.383 ms
GET /api/me 304 - - 1.353 ms
GET /api/me 304 - - 1.415 ms
GET /api/checklists/templates 304 - - 1.535 ms
GET /api/tasks 304 - - 1.200 ms
GET /api/requests 304 - - 1.189 ms
GET /api/inventory/templates 304 - - 1.207 ms
GET /api/checklists/templates 304 - - 2.027 ms
GET /api/tasks 304 - - 1.160 ms
GET /api/requests 304 - - 1.137 ms
GET /api/inventory/templates 304 - - 1.988 ms
GET /api/tasks 304 - - 1.203 ms
GET /api/tasks 304 - - 1.205 ms
GET /api/checklists/templates 304 - - 1.839 ms
GET /api/tasks 304 - - 1.147 ms
GET /api/requests 304 - - 1.146 ms
GET /api/inventory/templates 304 - - 1.300 ms
GET /api/me 304 - - 1.166 ms
GET /api/tasks 304 - - 1.124 ms
GET /api/checklists/templates 304 - - 1.402 ms
GET /api/tasks 304 - - 1.137 ms
GET /api/requests 304 - - 1.268 ms
GET /api/inventory/templates 304 - - 1.251 ms
GET /api/me 304 - - 1.273 ms
GET /api/tasks 304 - - 1.313 ms
GET /api/me 304 - - 2.191 ms
GET /api/me 304 - - 1.078 ms
GET /api/checklists/templates 304 - - 1.250 ms
GET /api/tasks 304 - - 1.504 ms
GET /api/requests 304 - - 1.202 ms
GET /api/inventory/templates 304 - - 1.298 ms
GET /api/checklists/templates 304 - - 1.375 ms
GET /api/tasks 304 - - 1.218 ms
GET /api/requests 304 - - 1.413 ms
GET /api/inventory/templates 304 - - 1.715 ms
GET /api/tasks 304 - - 1.257 ms
GET /api/tasks 304 - - 1.393 ms
GET /api/checklists/templates 304 - - 1.365 ms
GET /api/requests 304 - - 1.153 ms
GET /api/tasks 304 - - 1.194 ms
GET /api/inventory/templates 304 - - 1.350 ms
GET /api/me 304 - - 1.300 ms
GET /api/tasks 304 - - 1.181 ms
GET /api/me 304 - - 1.260 ms
GET /api/me 304 - - 1.159 ms
GET /api/checklists/templates 304 - - 5.753 ms
GET /api/tasks 304 - - 1.278 ms
GET /api/requests 304 - - 1.195 ms
GET /api/inventory/templates 304 - - 1.281 ms
GET /api/checklists/templates 304 - - 1.649 ms
GET /api/tasks 304 - - 1.163 ms
GET /api/requests 304 - - 1.248 ms
GET /api/inventory/templates 304 - - 1.535 ms
GET /api/tasks 304 - - 1.354 ms
GET /api/tasks 304 - - 1.219 ms
GET /api/tasks 304 - - 2.103 ms
GET /api/tech-requests 304 - - 2.501 ms
GET /api/tasks 304 - - 1.770 ms
GET /api/tech-requests 304 - - 1.983 ms
GET /api/tasks 304 - - 1.120 ms
GET /api/tasks 304 - - 1.234 ms
GET /api/tech-requests 304 - - 1.014 ms
GET /api/me 304 - - 1.309 ms
GET /api/tasks 304 - - 1.182 ms
GET /api/tech-requests 304 - - 1.378 ms
GET /api/tasks 304 - - 1.296 ms
GET /api/checklists/templates 304 - - 2.474 ms
GET /api/tasks 304 - - 1.413 ms
GET /api/requests 304 - - 1.286 ms
GET /api/inventory/templates 304 - - 1.459 ms
GET /api/checklists/templates 304 - - 1.363 ms
GET /api/tasks 304 - - 1.405 ms
GET /api/requests 304 - - 1.474 ms
GET /api/inventory/templates 304 - - 1.480 ms
GET /api/tasks 304 - - 2.172 ms
GET /api/checklists/templates 304 - - 2.009 ms
GET /api/tasks 304 - - 1.387 ms
GET /api/checklists/templates 304 - - 2.281 ms
GET /api/tasks 304 - - 1.768 ms
GET /api/tech-requests 304 - - 1.356 ms
GET /api/tasks 304 - - 2.498 ms
GET /api/tech-requests 304 - - 2.333 ms
GET /api/tasks 304 - - 1.191 ms
GET /api/knowledge 200 1431 - 2.102 ms
GET /api/tasks 304 - - 1.220 ms
GET /api/knowledge 304 - - 1.521 ms
GET /api/tasks 304 - - 1.184 ms
GET /api/tech-requests 304 - - 1.940 ms
GET /api/tasks 304 - - 1.590 ms
GET /api/tech-requests 304 - - 1.387 ms
GET /api/tasks 304 - - 1.270 ms
GET /api/knowledge 304 - - 1.383 ms
GET /api/tasks 304 - - 1.708 ms
GET /api/knowledge 304 - - 1.240 ms
GET /api/checklists/templates 304 - - 3.165 ms
GET /api/tasks 304 - - 1.678 ms
GET /api/requests 304 - - 1.761 ms
GET /api/inventory/templates 304 - - 3.804 ms
GET /api/checklists/templates 304 - - 1.491 ms
GET /api/tasks 304 - - 1.583 ms
GET /api/requests 304 - - 1.707 ms
GET /api/inventory/templates 304 - - 1.579 ms
GET /api/tasks 304 - - 1.250 ms
GET /api/checklists/templates 304 - - 1.302 ms
GET /api/tasks 304 - - 1.861 ms
GET /api/requests 304 - - 1.317 ms
GET /api/inventory/templates 304 - - 1.337 ms
GET /api/me 304 - - 1.158 ms
GET /api/tasks 304 - - 1.574 ms
GET /api/checklists/templates 304 - - 1.565 ms
GET /api/tasks 304 - - 1.309 ms
GET /api/requests 304 - - 1.192 ms
GET /api/inventory/templates 304 - - 1.962 ms
GET /api/me 304 - - 1.116 ms
GET /api/tasks 304 - - 1.185 ms
GET /api/checklists/templates 304 - - 1.228 ms
GET /api/tasks 304 - - 1.123 ms
GET /api/requests 304 - - 1.160 ms
GET /api/inventory/templates 304 - - 1.325 ms
GET /api/me 304 - - 1.173 ms
GET /api/tasks 304 - - 1.408 ms
GET /api/checklists/templates 304 - - 1.192 ms
GET /api/tasks 304 - - 1.129 ms
GET /api/requests 304 - - 1.317 ms
GET /api/inventory/templates 304 - - 1.392 ms
GET /api/me 304 - - 1.206 ms
GET /api/tasks 304 - - 1.143 ms
GET /api/checklists/templates 304 - - 1.228 ms
GET /api/tasks 304 - - 1.121 ms
GET /api/me 304 - - 1.223 ms
GET /api/requests 304 - - 1.150 ms
GET /api/inventory/templates 304 - - 1.219 ms
GET /api/tasks 304 - - 1.177 ms
GET /api/checklists/templates 304 - - 1.231 ms
GET /api/tasks 304 - - 1.127 ms
GET /api/inventory/templates 304 - - 1.178 ms
GET /api/requests 304 - - 1.200 ms
GET /api/me 304 - - 1.351 ms
GET /api/tasks 304 - - 1.180 ms
GET /api/checklists/templates 304 - - 1.452 ms
GET /api/tasks 304 - - 2.898 ms
GET /api/checklists/templates 304 - - 1.387 ms
GET /api/tasks 304 - - 1.271 ms
GET /api/tech-requests 304 - - 2.490 ms
GET /api/tasks 304 - - 2.095 ms
GET /api/tech-requests 304 - - 1.690 ms
GET /api/tasks 304 - - 1.702 ms
GET /api/knowledge 304 - - 1.205 ms
GET /api/tasks 304 - - 1.259 ms
GET /api/knowledge 304 - - 1.666 ms
GET /api/checklists/templates 304 - - 1.743 ms
GET /api/tasks 304 - - 1.574 ms
GET /api/requests 304 - - 1.420 ms
GET /api/inventory/templates 304 - - 1.336 ms
GET /api/checklists/templates 304 - - 1.540 ms
GET /api/tasks 304 - - 1.897 ms
GET /api/requests 304 - - 3.046 ms
GET /api/inventory/templates 304 - - 1.232 ms
GET /api/tasks 304 - - 1.281 ms
GET /api/checklists/templates 304 - - 1.833 ms
GET /api/tasks 304 - - 1.815 ms
GET /api/checklists/templates 304 - - 1.622 ms
GET /api/me 304 - - 1.214 ms
GET /api/me 304 - - 1.143 ms
GET /api/checklists/templates 304 - - 1.423 ms
GET /api/tasks 304 - - 1.395 ms
GET /api/requests 304 - - 1.146 ms
GET /api/inventory/templates 304 - - 2.578 ms
GET /api/checklists/templates 304 - - 1.516 ms
GET /api/tasks 304 - - 1.163 ms
GET /api/requests 304 - - 2.015 ms
GET /api/inventory/templates 304 - - 2.849 ms
GET /api/tasks 304 - - 1.737 ms
GET /api/tasks 304 - - 1.132 ms
GET /api/tasks 304 - - 1.140 ms
GET /api/tech-requests 304 - - 1.208 ms
GET /api/tasks 304 - - 1.276 ms
GET /api/tech-requests 304 - - 1.567 ms
GET /api/tasks 304 - - 1.458 ms
GET /api/checklists/templates 304 - - 4.815 ms
GET /api/tasks 304 - - 1.693 ms
GET /api/requests 304 - - 2.360 ms
GET /api/inventory/templates 304 - - 2.347 ms
GET /api/checklists/templates 304 - - 1.862 ms
GET /api/tasks 304 - - 1.402 ms
GET /api/requests 304 - - 1.189 ms
GET /api/inventory/templates 304 - - 1.976 ms
GET /api/tasks 304 - - 2.120 ms
GET /api/inventory/templates 304 - - 1.724 ms
GET /api/tasks 304 - - 1.702 ms
GET /api/inventory/templates 304 - - 1.348 ms
GET /api/inventory/templates 304 - - 1.361 ms
GET /api/tasks 304 - - 1.162 ms
GET /api/me 304 - - 1.365 ms
GET /api/inventory/templates 304 - - 1.218 ms
GET /api/tasks 304 - - 1.243 ms
GET /api/me 304 - - 1.312 ms
GET /api/inventory/templates 304 - - 1.152 ms
GET /api/tasks 304 - - 1.147 ms
GET /api/me 304 - - 1.184 ms
GET /api/inventory/templates 304 - - 1.133 ms
GET /api/tasks 304 - - 1.346 ms
GET /api/me 304 - - 1.173 ms
GET /api/checklists/templates 304 - - 1.403 ms
GET /api/tasks 304 - - 1.186 ms
GET /api/requests 304 - - 1.091 ms
GET /api/inventory/templates 304 - - 1.066 ms
GET /api/me 304 - - 1.056 ms
GET /api/checklists/templates 304 - - 1.490 ms
GET /api/tasks 304 - - 1.185 ms
GET /api/requests 304 - - 1.190 ms
GET /api/inventory/templates 304 - - 1.630 ms
GET /api/tasks 304 - - 1.340 ms
GET /api/tasks 304 - - 1.155 ms
GET /api/checklists/templates 304 - - 1.396 ms
GET /api/tasks 304 - - 1.034 ms
GET /api/requests 304 - - 1.238 ms
GET /api/inventory/templates 304 - - 1.197 ms
GET /api/tasks 304 - - 1.148 ms
GET /api/me 304 - - 1.577 ms
GET /api/me 304 - - 1.010 ms
GET /api/me 304 - - 1.123 ms
GET /api/checklists/templates 304 - - 2.299 ms
GET /api/tasks 304 - - 2.421 ms
GET /api/requests 304 - - 1.298 ms
GET /api/inventory/templates 304 - - 1.478 ms
GET /api/checklists/templates 304 - - 1.338 ms
GET /api/tasks 304 - - 1.451 ms
GET /api/requests 304 - - 1.266 ms
GET /api/inventory/templates 304 - - 1.388 ms
GET /api/tasks 304 - - 3.563 ms
GET /api/tasks 304 - - 1.150 ms
GET /api/products 200 660 - 1.273 ms
GET /api/tasks 304 - - 4.052 ms
GET /api/products 304 - - 1.197 ms
GET /api/requests 304 - - 1.276 ms
GET /api/requests 304 - - 1.582 ms
GET /api/me 304 - - 2.046 ms
GET /api/me 304 - - 1.253 ms
GET /api/checklists/templates 304 - - 7.537 ms
GET /api/tasks 304 - - 1.438 ms
GET /api/requests 304 - - 3.531 ms
GET /api/inventory/templates 304 - - 1.362 ms
GET /api/checklists/templates 304 - - 1.557 ms
GET /api/tasks 304 - - 1.177 ms
GET /api/requests 304 - - 1.200 ms
GET /api/inventory/templates 304 - - 1.509 ms
GET /api/tasks 304 - - 1.175 ms
GET /api/tasks 304 - - 1.371 ms
