
тЬЕ Resto Control MVP started on port 8090
Local API: http://localhost:8090
Trial days: 14
Super admin: admin
GET /api/health 200 71 - 3.115 ms
GET / 200 525 - 5.620 ms
GET / 200 525 - 2.206 ms
GET /assets/index-BtTUDRy3.js 200 174645 - 4.033 ms
GET /assets/index-DbmKXm9p.css 200 7961 - 15.635 ms
GET /manifest.webmanifest 200 439 - 9.741 ms
GET /resto-control-logo.png 200 393996 - 18.295 ms
GET /favicon.ico 200 525 - 6.765 ms
GET /icon.svg 200 359 - 10.025 ms
POST /api/auth/login 200 543 - 3.288 ms
GET /api/super/restaurants 200 2 - 2.631 ms
POST /api/super/restaurants 400 95 - 1.259 ms
POST /api/super/restaurants 201 356 - 7.914 ms
GET /api/super/restaurants 200 444 - 2.191 ms
POST /api/super/restaurants 201 355 - 4.131 ms
GET /api/super/restaurants 200 886 - 1.483 ms
POST /api/auth/login 200 901 - 1.247 ms
GET /api/admin/overview 200 459 - 1.488 ms
GET / 200 525 - 1.418 ms
GET /api/health 200 71 - 0.494 ms
GET / 200 525 - 8.366 ms
GET /assets/index-CGkl1ZLJ.css 200 14910 - 2.882 ms
GET /assets/index-DzJJRuAG.js 200 187985 - 3.246 ms
GET /manifest.webmanifest 304 - - 0.943 ms
GET /api/me 200 617 - 4.109 ms
GET /resto-control-logo.png 304 - - 6.215 ms
GET /api/admin/users 200 213 - 5.653 ms
GET /api/admin/overview 304 - - 8.522 ms
GET /api/tasks 200 881 - 21.745 ms
GET /api/admin/knowledge/stats 200 2642 - 38.961 ms
GET /favicon.ico 200 525 - 41.514 ms
GET /icon.svg 304 - - 13.370 ms
GET / 304 - - 0.657 ms
GET /assets/index-DzJJRuAG.js 304 - - 0.553 ms
GET /assets/index-CGkl1ZLJ.css 304 - - 0.456 ms
GET /manifest.webmanifest 304 - - 0.695 ms
GET /resto-control-logo.png 304 - - 1.211 ms
GET /api/me 304 - - 1.869 ms
GET /api/admin/overview 304 - - 1.690 ms
GET /api/admin/users 304 - - 33.467 ms
GET /api/tasks 304 - - 1.229 ms
GET /api/admin/knowledge/stats 304 - - 5.402 ms
GET /favicon.ico 304 - - 2.460 ms
GET /icon.svg 304 - - 0.442 ms
GET /api/admin/users 304 - - 1.378 ms
GET /api/checklists/templates 200 8443 - 1.697 ms
GET /api/admin/checklists/runs 200 2 - 1.222 ms
GET /api/products 200 3229 - 1.702 ms
GET /api/requests 200 2 - 3.372 ms
GET /api/knowledge 200 3128 - 1.472 ms
GET /api/admin/knowledge/stats 304 - - 1.970 ms
GET /api/tasks 304 - - 1.492 ms
GET /api/admin/users 304 - - 1.257 ms
GET /api/admin/overview 304 - - 1.028 ms
GET /api/checklists/templates 304 - - 1.862 ms
GET /api/admin/checklists/runs 304 - - 1.662 ms
GET /api/products 304 - - 1.806 ms
GET /api/requests 304 - - 1.601 ms
GET /api/admin/users 304 - - 1.098 ms
GET /api/admin/overview 304 - - 1.230 ms
GET / 200 525 - 0.910 ms
GET /assets/index-mTbw6wZz.js 200 189580 - 5.896 ms
GET /assets/index-BEBBPTJv.css 200 15015 - 4.218 ms
GET /manifest.webmanifest 304 - - 1.117 ms
GET /resto-control-logo.png 304 - - 0.627 ms
GET /api/me 304 - - 1.745 ms
GET /favicon.ico 200 525 - 1.781 ms
GET /api/admin/overview 304 - - 1.266 ms
GET /icon.svg 304 - - 11.027 ms
GET /api/admin/users 304 - - 1.507 ms
GET /api/checklists/templates 304 - - 1.254 ms
GET /api/admin/checklists/runs 304 - - 1.541 ms
GET /api/products 304 - - 1.169 ms
GET /api/requests 304 - - 1.550 ms
GET /api/inventory/templates 200 6554 - 2.245 ms
GET /api/admin/inventory/runs 200 2 - 2.368 ms
GET / 200 525 - 0.816 ms
GET /assets/index-Dq5DLRhG.js 200 194168 - 2.492 ms
GET /manifest.webmanifest 304 - - 0.620 ms
GET /assets/index-BvDgIDY2.css 200 15882 - 8.478 ms
GET /resto-control-logo.png 304 - - 3.219 ms
GET /api/me 304 - - 3.219 ms
GET /api/admin/overview 304 - - 4.070 ms
GET /icon.svg 304 - - 1.932 ms
GET /favicon.ico 200 525 - 6.563 ms
GET /api/inventory/templates 304 - - 1.302 ms
GET /api/products 304 - - 1.338 ms
GET /api/admin/inventory/runs 304 - - 1.475 ms
POST /api/admin/products 201 205 - 2.819 ms
GET /api/inventory/templates 200 6940 - 1.603 ms
GET /api/products 200 3435 - 1.647 ms
GET /api/admin/inventory/runs 304 - - 1.749 ms
GET / 200 525 - 1.571 ms
GET /assets/index-Cj9LaXXz.css 200 16052 - 3.599 ms
GET /assets/index-DAFz2myH.js 200 195889 - 4.179 ms
GET /manifest.webmanifest 304 - - 1.299 ms
GET /resto-control-logo.png 304 - - 0.835 ms
GET /api/me 304 - - 3.338 ms
GET /favicon.ico 200 525 - 1.749 ms
GET /api/admin/overview 304 - - 8.534 ms
GET /icon.svg 304 - - 0.519 ms
GET /api/inventory/templates 304 - - 1.554 ms
GET /api/products 304 - - 1.812 ms
GET /api/admin/inventory/runs 304 - - 2.064 ms
PATCH /api/admin/products/prod_mog0szt0_a665aa56 404 182 - 1.108 ms
GET /api/tasks 304 - - 1.582 ms
GET /api/admin/users 304 - - 4.456 ms
GET /api/health 200 71 - 0.215 ms
PATCH /api/admin/products/test-route-check 404 176 - 0.681 ms
